// Jest Snapshot v1, https://goo.gl/fbAQLP

exports[`MaxLength works 1`] = `
<Fragment>
  <ToolbarButton
    icon={
      <ProgressMeter
        progress={0}
        radius={8}
      />
    }
    name="MAX_LENGTH"
    onClick={[Function]}
    title="Length: Tweet"
  />
  <Modal
    contentLabel="Maximum length"
    isOpen={false}
    onAfterOpen={[Function]}
    onRequestClose={[Function]}
  >
    <label>
      <p>
        How long should the content be?
      </p>
      <Select
        className="MaxLength__select"
        onChange={[Function]}
        options={
          Array [
            Object {
              "label": "Tweet",
              "value": "140",
            },
            Object {
              "label": "Double tweet",
              "value": "280",
            },
            Object {
              "label": "3-min read",
              "value": "6000",
            },
            Object {
              "label": "Crime and Punishment",
              "value": "423182000",
            },
          ]
        }
        placeholder={null}
        value={140}
      />
    </label>
  </Modal>
</Fragment>
`;
